02:10:17 **** Incremental Build of configuration Debug for project 02_gpio_output ****
make -j16 all 
arm-none-eabi-gcc "../Src/main.c" -mcpu=cortex-m4 -std=gnu11 -g3 -DDEBUG -DSTM32 -DSTM32F4 -DSTM32F446ZETx -c -I../Inc -I/home/isamd/Documents/Stm32f446_Baremetal_Workspace/headers/CMSIS/Device/ST/STM32F4xx/Include -I/home/isamd/Documents/Stm32f446_Baremetal_Workspace/headers/CMSIS/Include -O0 -ffunction-sections -fdata-sections -Wall -fstack-usage -fcyclomatic-complexity -MMD -MP -MF"Src/main.d" -MT"Src/main.o" --specs=nano.specs -mfpu=fpv4-sp-d16 -mfloat-abi=hard -mthumb -o "Src/main.o"
arm-none-eabi-gcc -o "02_gpio_output.elf" @"objects.list"   -mcpu=cortex-m4 -T"/home/isamd/Documents/Stm32f446_Baremetal_Workspace/02_gpio_output/STM32F446ZETX_FLASH.ld" --specs=nosys.specs -Wl,-Map="02_gpio_output.map" -Wl,--gc-sections -static --specs=nano.specs -mfpu=fpv4-sp-d16 -mfloat-abi=hard -mthumb -Wl,--start-group -lc -lm -Wl,--end-group
Finished building target: 02_gpio_output.elf
 
arm-none-eabi-size   02_gpio_output.elf 
arm-none-eabi-objdump -h -S  02_gpio_output.elf  > "02_gpio_output.list"
   text	   data	    bss	    dec	    hex	filename
    784	      8	   1568	   2360	    938	02_gpio_output.elf
Finished building: default.size.stdout
 
Finished building: 02_gpio_output.list
 

02:10:18 Build Finished. 0 errors, 0 warnings. (took 276ms)

